[] 
[[]] 
[] 
[2 3 + dup *] 
[[] [2] concat [3] concat [+] concat [dup] concat [*] concat] 
[2 3 + dup *] 
25 
[[1 2 3] [dup *] map] 
[[] [] [1] concat [2] concat [3] concat [] cons concat [] [dup] concat [*] concat [] cons concat [map] concat] 
[[1 2 3] [dup *] map] 
[1 4 9] 
[[[1 2] [3 4] [5] []] [[dup *] map] map] 
[[] [] [] [1] concat [2] concat [] cons concat [] [3] concat [4] concat [] cons concat [] [5] concat [] cons concat [] [] cons concat [] cons concat [] [] [dup] concat [*] concat [] cons concat [map] concat [] cons concat [map] concat] 
[[[1 2] [3 4] [5] []] [[dup *] map] map] 
[[1 4] [9 16] [25] []] 
[] 
[[]] 
[] 
[2 3 + dup *] 
[[] [*] swoncat [dup] swoncat [+] swoncat [3] swoncat [2] swoncat] 
[2 3 + dup *] 
25 
[[1 2 3] [dup *] map] 
[[] [map] swoncat [] [*] swoncat [dup] swoncat swons [] [3] swoncat [2] swoncat [1] swoncat swons] 
[[1 2 3] [dup *] map] 
[1 4 9] 
[[[1 2] [3 4] [5] []] [[dup *] map] map] 
[[] [map] swoncat [] [map] swoncat [] [*] swoncat [dup] swoncat swons swons [] [] swons [] [5] swoncat swons [] [4] swoncat [3] swoncat swons [] [2] swoncat [1] swoncat swons swons] 
[[[1 2] [3 4] [5] []] [[dup *] map] map] 
[[1 4] [9 16] [25] []] 
[[] [concat] swoncat [] [map] swoncat swons [concat] swoncat [cons] swoncat [] swons [concat] swoncat [] [map] swoncat swons [concat] swoncat [cons] swoncat [] swons [concat] swoncat [] [*] swoncat swons [concat] swoncat [] [dup] swoncat swons [] swons [] swons [concat] swoncat [cons] swoncat [] swons [concat] swoncat [cons] swoncat [] swons [] swons [concat] swoncat [cons] swoncat [] swons [concat] swoncat [] [5] swoncat swons [] swons [concat] swoncat [cons] swoncat [] swons [concat] swoncat [] [4] swoncat swons [concat] swoncat [] [3] swoncat swons [] swons [concat] swoncat [cons] swoncat [] swons [concat] swoncat [] [2] swoncat swons [concat] swoncat [] [1] swoncat swons [] swons [] swons [] swons] 
[[] [] [] [1] concat [2] concat [] cons concat [] [3] concat [4] concat [] cons concat [] [5] concat [] cons concat [] [] cons concat [] cons concat [] [] [dup] concat [*] concat [] cons concat [map] concat [] cons concat [map] concat] 
[[[1 2] [3 4] [5] []] [[dup *] map] map] 
[[1 4] [9 16] [25] []] 
