
final answer = 5 

joy0s :

final answer = 5 

joy0s :

joy0s :

joy0s :

joy0s :
joy0s :


final answer = 5 

joy0s :

joy0s :

joy0s :

joy0s :
joy0s :


joy0s :

joy0s :

joy0s :
joy0s :


final answer = 5 

joy0l :
2 3 + 
final answer = 5 

joy0l :
[2 3 +] joy0l 
joy0l :
newline 
joy0l :
'\n putch 
"joy0l :" putchars joy0l :newline 
joy0l :
'\n putch 
[dup put [[joy0l body joy0l] [[]] [pop pop pop] [cons pop cons] [opcase pop opcase] [body pop body] [i pop joy0l] [step pop [joy0] cons step] [[] cons i]] opcase i] step 2 3 + 
final answer = 5 

joy0l :
[[2 3 +] joy0l] joy0l 
joy0l :
newline 
joy0l :
'\n putch 
"joy0l :" putchars joy0l :newline 
joy0l :
'\n putch 
[dup put [[joy0l body joy0l] [[]] [pop pop pop] [cons pop cons] [opcase pop opcase] [body pop body] [i pop joy0l] [step pop [joy0] cons step] [[] cons i]] opcase i] step [2 3 +] joy0l 
joy0l :
newline 
joy0l :
'\n putch 
"joy0l :" putchars joy0l :newline 
joy0l :
'\n putch 
[dup put [[joy0l body joy0l] [[]] [pop pop pop] [cons pop cons] [opcase pop opcase] [body pop body] [i pop joy0l] [step pop [joy0] cons step] [[] cons i]] opcase i] step 2 3 + 
final answer = 5 

final answer = 5 
