
Testing the Lisp interpreter lisp in the library lsplib.joy

Lisp interpreter
		To include the Lisp library, type
			[ include  "OK"  "lsplib.lsp" ]
GO

123.456 
false 
"hello world" 
[Peter Paul Mary] 
[1 2 3 4 5] 
Peter 
[2 3 4 5] 
[Fred Peter Paul] 
true 
false 
false 
true 
false 
[[2 3] true] 
22 
13 
false 
true 
false 
false 
[false true false true false false false] 
[11 13] 
"OK" 
NIL 
[] 
false 
true 
PI 
314.314 
NAMELIST 
[Paul Mary] 
PAIR 
[11 22] 
SECOND 
22 
PRIME 
true 
false 
[a b c d e] 
[c b a d e] 
CONCAT 
[1 2 3 4 5] 
FLATTEN 
[1 2 3] 
MEMBER 
false 
true 
SUM 
10 
LIST-TO-FLOAT 
3.1415 
MAP 
[1 4 9 16] 
[John Mary] 
[false true false true false false false] 
FILTER 
[1 1 2] 
[1 4 6] 
[11 13] 
SHUNT 
[3 2 1 4 5 6 7] 
REVERSE 
[Robinson Jones Smith] 
LIST-TO-INT 
31415 
ZIP 
[[Peter Smith] [Paul Jones] [Mary Robinson]] 
WEAVE 
[Peter Smith Paul Jones Mary Robinson] 
SUM-OF-PRODUCTS 
321 
MAP2 
[1 20 300] 
RECFLATTEN 
[1 2 3 4 5 6] 
RECSUM 
21 
FACT0 
FACT 
120 
LAST0 
LAST 
55 
exit from Lisp interpreter
