0 
1 
2 
3 
4 
5 
6 
50 
"ab" 
"ba" 
"abba" 
"AB" 
"BA" 
"ABBA" 
"CD" 
"ABC" 
"BCD" 
