
Testing the 12 translators in the library  symlib.joy
[- [* 2 3] [+ 4 5]] 
[fact [- [* 4 [pred 6]] [+ [succ 5] 7]]] 
[or [or true [not true]] [and false false]] 
[= [* 2 3] [succ [+ 2 3]]] 
[concat [cons 1 [QUOTE [2 3]]] [cons 4 [QUOTE [5 6]]]] 
[map [QUOTE [1 2 3 4]] [QUOTE [fact]]] 
[filter [QUOTE [6 7 8 9]] [QUOTE [prime]]] 
[- [* [2] [3]] [+ [4] [5]]] 
[fact [- [* [4] [pred [6]]] [+ [succ [5]] [7]]]] 
[or [or [true] [not [true]]] [and [false] [false]]] 
[= [* [2] [3]] [succ [+ [2] [3]]]] 
[concat [cons [1] [QUOTE [2 3]]] [cons [4] [QUOTE [5 6]]]] 
[map [QUOTE [1 2 3 4]] [QUOTE [fact]]] 
[filter [QUOTE [6 7 8 9]] [QUOTE [prime]]] 
[[[2 * 3] - [4 + 5]]] 
[fact [[4 * pred 6] - [succ 5 + 7]]] 
[[[true or not true] or [false and false]]] 
[[[2 * 3] = succ [2 + 3]]] 
[[[1 cons QUOTE [2 3]] concat [4 cons QUOTE [5 6]]]] 
[[QUOTE [1 2 3 4] map QUOTE [fact]]] 
[[QUOTE [6 7 8 9] filter QUOTE [prime]]] 
[- * 2 3 + 4 5] 
[fact - * 4 pred 6 + succ 5 7] 
[or or true not true and false false] 
[= * 2 3 succ + 2 3] 
[concat cons 1 [2 3] cons 4 [5 6]] 
[map [1 2 3 4] [fact]] 
[filter [6 7 8 9] [prime]] 
[[[2 * 3] - [4 + 5]]] 
[fact [[4 * pred 6] - [succ 5 + 7]]] 
[[[true or not true] or [false and false]]] 
[[[2 * 3] = succ [2 + 3]]] 
[[[1 cons QUOTE [2 3]] concat [4 cons QUOTE [5 6]]]] 
[[QUOTE [1 2 3 4] map QUOTE [fact]]] 
[[QUOTE [6 7 8 9] filter QUOTE [prime]]] 
[- * 2 3 + 4 5] 
[fact - * 4 pred 6 + succ 5 7] 
[or or true not true and false false] 
[= * 2 3 succ + 2 3] 
[concat cons 1 [2 3] cons 4 [5 6]] 
[map [1 2 3 4] [fact]] 
[filter [6 7 8 9] [prime]] 
[2 3 * 4 5 + -] 
[4 6 pred * 5 succ 7 + - fact] 
[true true not or false false and or] 
[2 3 * 2 3 + succ =] 
[1 [2 3] cons 4 [5 6] cons concat] 
[[1 2 3 4] [fact] map] 
[[6 7 8 9] [prime] filter] 
-3 
5040 
true 
true 
[1 2 3 4 5 6] 
[1 2 6 24] 
[7] 
-3 
5040 
true 
true 
[1 2 3 4 5 6] 
[1 2 6 24] 
[7] 
-3 
5040 
true 
true 
[1 2 3 4 5 6] 
[1 2 6 24] 
[7] 
[[[[1 * 2] + [[3 * 4] + [5 * 6]]] < 100]] 
[< + * 1 2 + * 3 4 * 5 6 100] 
[< [+ [* 1 2] [+ [* 3 4] [* 5 6]]] 100] 
[< [+ [* [1] [2]] [+ [* [3] [4]] [* [5] [6]]]] [100]] 
[1 2 * 3 4 * 5 6 * + + 100 <] 
true 
[cons [intern [reverse_str [cons_str ['t] ["iuq"]]]] [QUOTE []]] 
[[intern reverse_str ['t cons_str "iuq"] cons QUOTE []]] 
[cons intern reverse_str cons_str 't "iuq" []] 
['t "iuq" cons_str reverse_str intern [] cons] 
[quit] 
